Input duration: 4.600s
Building seamless loop: start=0.000s length=4.600s crossfade=0.500s
Encoding MP4 (higher quality)...
frame=    0 fps=0.0 q=0.0 size=       0KiB time=N/A bitrate=N/A speed=N/A elapsed=0:00:00.52    
frame=   12 fps= 12 q=24.0 size=     256KiB time=00:00:00.16 bitrate=12585.2kbits/s speed=0.161x elapsed=0:00:01.03    
frame=   55 fps= 35 q=24.0 size=    1024KiB time=00:00:00.88 bitrate=9497.0kbits/s speed=0.568x elapsed=0:00:01.55    
frame=   88 fps= 43 q=24.0 size=    1536KiB time=00:00:01.43 bitrate=8779.0kbits/s speed=0.694x elapsed=0:00:02.06    
frame=  129 fps= 50 q=24.0 size=    2048KiB time=00:00:02.11 bitrate=7926.4kbits/s speed=0.817x elapsed=0:00:02.59    
frame=  173 fps= 56 q=24.0 size=    2816KiB time=00:00:02.85 bitrate=8094.4kbits/s speed=0.916x elapsed=0:00:03.11    
frame=  230 fps= 63 q=-1.0 size=    3840KiB time=00:00:03.80 bitrate=8278.3kbits/s speed=1.05x elapsed=0:00:03.62    
frame=  246 fps= 65 q=-1.0 Lsize=    4162KiB time=00:00:04.06 bitrate=8383.4kbits/s speed=1.08x elapsed=0:00:03.75    
Encoding WEBM (higher quality)...
frame=    3 fps=0.0 q=21.0 size=       1KiB time=00:00:00.05 bitrate=  93.4kbits/s speed=0.0981x elapsed=0:00:00.50    
frame=   16 fps= 16 q=24.0 size=       1KiB time=00:00:00.26 bitrate=  17.5kbits/s speed=0.26x elapsed=0:00:01.02    
frame=   26 fps= 17 q=24.0 size=       1KiB time=00:00:00.43 bitrate=  10.8kbits/s speed=0.279x elapsed=0:00:01.55    
frame=   36 fps= 17 q=24.0 size=       1KiB time=00:00:00.60 bitrate=   7.8kbits/s speed=0.289x elapsed=0:00:02.07    
frame=   46 fps= 18 q=24.0 size=       1KiB time=00:00:00.76 bitrate=   6.1kbits/s speed=0.295x elapsed=0:00:02.59    
frame=   56 fps= 18 q=24.0 size=       1KiB time=00:00:00.93 bitrate=   5.0kbits/s speed=0.301x elapsed=0:00:03.10    
frame=   67 fps= 19 q=21.0 size=       1KiB time=00:00:01.11 bitrate=   4.2kbits/s speed=0.309x elapsed=0:00:03.61    
frame=   78 fps= 19 q=24.0 size=       1KiB time=00:00:01.30 bitrate=   3.6kbits/s speed=0.315x elapsed=0:00:04.13    
frame=   88 fps= 19 q=24.0 size=       1KiB time=00:00:01.46 bitrate=   3.2kbits/s speed=0.316x elapsed=0:00:04.64    
frame=  100 fps= 19 q=24.0 size=       1KiB time=00:00:01.66 bitrate=   2.8kbits/s speed=0.323x elapsed=0:00:05.16    
frame=  112 fps= 20 q=24.0 size=       1KiB time=00:00:01.86 bitrate=   2.5kbits/s speed=0.329x elapsed=0:00:05.67    
frame=  122 fps= 20 q=24.0 size=       1KiB time=00:00:02.03 bitrate=   2.3kbits/s speed=0.328x elapsed=0:00:06.19    
frame=  132 fps= 20 q=24.0 size=    1024KiB time=00:00:02.20 bitrate=3813.0kbits/s speed=0.328x elapsed=0:00:06.71    
frame=  143 fps= 20 q=21.0 size=    1024KiB time=00:00:02.38 bitrate=3519.7kbits/s speed=0.33x elapsed=0:00:07.22    
frame=  152 fps= 20 q=24.0 size=    1024KiB time=00:00:02.53 bitrate=3311.3kbits/s speed=0.327x elapsed=0:00:07.74    
frame=  160 fps= 19 q=24.0 size=    1024KiB time=00:00:02.66 bitrate=3145.7kbits/s speed=0.323x elapsed=0:00:08.25    
frame=  170 fps= 19 q=24.0 size=    1024KiB time=00:00:02.83 bitrate=2960.7kbits/s speed=0.323x elapsed=0:00:08.77    
frame=  180 fps= 19 q=24.0 size=    1024KiB time=00:00:03.00 bitrate=2796.2kbits/s speed=0.323x elapsed=0:00:09.29    
frame=  188 fps= 19 q=24.0 size=    1024KiB time=00:00:03.13 bitrate=2677.2kbits/s speed=0.319x elapsed=0:00:09.81    
frame=  198 fps= 19 q=24.0 size=    1024KiB time=00:00:03.30 bitrate=2542.0kbits/s speed=0.32x elapsed=0:00:10.32    
frame=  208 fps= 19 q=24.0 size=    1024KiB time=00:00:03.46 bitrate=2419.8kbits/s speed=0.32x elapsed=0:00:10.84    
frame=  217 fps= 19 q=12.0 size=    1024KiB time=00:00:03.61 bitrate=2319.4kbits/s speed=0.319x elapsed=0:00:11.34    
frame=  222 fps= 19 q=24.0 size=    1024KiB time=00:00:03.70 bitrate=2267.2kbits/s speed=0.312x elapsed=0:00:11.86    
frame=  222 fps= 18 q=24.0 size=    1024KiB time=00:00:03.70 bitrate=2267.2kbits/s speed=0.299x elapsed=0:00:12.39    
frame=  246 fps= 19 q=24.0 Lsize=    2323KiB time=00:00:04.10 bitrate=4641.6kbits/s speed=0.321x elapsed=0:00:12.79    
OK: Output duration=4.100s
Done.
